bunx :  WARNING  --no-daemon is deprecated and will be 
removed in version 3.0. The daemon is no longer used 
for `turbo run`.
At line:1 char:1
+ bunx turbo run test --no-daemon > test-output.txt 2>&1
+ ~~~~~~~~~~~~~~~~~~~~~~~~~~~~~~~~~~~~~~~~~~~~~~~~~~~~~~
    + CategoryInfo          : NotSpecified: ( WARNING   
   --no-...or `turbo run`.:String) [], RemoteException
    + FullyQualifiedErrorId : NativeCommandError
 
ΓÇó turbo 2.8.20
 WARNING  the `daemon` configuration option is 
deprecated and will be removed in version 3.0. The 
daemon is no longer used for `turbo run`.

   ΓÇó Packages in scope: @choronoforge/backend, @chronoforge/core, @chronoforge/db, @chronoforge/lock, @chronoforge/scheduler, @chronoforge/test-utils, chronoforge
   ΓÇó Running test in 7 packages
   ΓÇó Remote caching disabled

@chronoforge/core:build: cache hit, replaying logs 8d36396a56e5413b
@chronoforge/core:build: [6n[?9001h[?1004h[m]0;C:\Users\Rohit\.bun\bin\bun.exe[?25h[35m[2m$[m [1m[2mtsup && tsc --emitDeclarationOnly --outDir dist
@chronoforge/core:build: [22m[34mCLI [mBuilding entry: {"index":"src/index.ts"}
@chronoforge/core:build: [34mCLI [mUsing tsconfig: tsconfig.json[34m
@chronoforge/core:build: CLI [mtsup v8.5.1[34m
@chronoforge/core:build: CLI [mUsing tsup config: D:\development\choronoforge\packages\core\tsup.config.ts[34m
@chronoforge/core:build: CLI [mTarget: node18
@chronoforge/core:build: [34mCLI [mCleaning output folder[34m
@chronoforge/core:build: CJS [mBuild start[34m
@chronoforge/core:build: ESM [mBuild start
@chronoforge/core:build: [32mESM [m[1mdist\index.mjs [32m[22m4.83 KB
@chronoforge/core:build: [m[32mESM [mΓÜí∩╕Å Build success in 74ms
@chronoforge/core:build: [32mCJS [m[1mdist\index.js [32m[22m5.12 KB[K
@chronoforge/core:build: [m
@chronoforge/core:build: [32mCJS [mΓÜí∩╕Å Build success in 75ms[K
@chronoforge/core:build: [?9001l[?1004l
@chronoforge/lock:build: cache hit, replaying logs d027f89d5866ee66
@chronoforge/db:build: cache hit, replaying logs 745f620466ac4189
@chronoforge/lock:build: [6n[?9001h[?1004h[m]0;C:\Users\Rohit\.bun\bin\bun.exe[?25h[35m[2m$[m [1m[2mtsup && tsc --emitDeclarationOnly --outDir dist
@chronoforge/lock:build: [22m[34mCLI [mBuilding entry: {"index":"src/index.ts"}
@chronoforge/db:build: [6n[?9001h[?1004h[m]0;C:\Users\Rohit\.bun\bin\bun.exe[?25h[35m[2m$[m [1m[2mtsup && tsc --emitDeclarationOnly --outDir dist
@chronoforge/db:build: [22m[34mCLI [mBuilding entry: {"index":"src/index.ts"}
@chronoforge/core:test: cache hit, replaying logs 851fb469ce9de965
@chronoforge/lock:build: [34mCLI [mUsing tsconfig: tsconfig.json[34m
@chronoforge/lock:build: CLI [mtsup v8.5.1[34m
@chronoforge/db:build: [34mCLI [mUsing tsconfig: tsconfig.json[34m
@chronoforge/lock:build: CLI [mUsing tsup config: D:\development\choronoforge\packages\lock\tsup.config.ts
@chronoforge/db:build: CLI [mtsup v8.5.1[34m
@chronoforge/db:build: CLI [mUsing tsup config: D:\development\choronoforge\packages\db\tsup.config.ts
@chronoforge/core:test: [6n[?9001h[?1004h[m]0;C:\Users\Rohit\.bun\bin\bun.exe[?25h[35m[2m$[m [1m[2mvitest run
@chronoforge/core:test: [22m]0;node (vitest)[?25l[46m[1m
@chronoforge/db:build: [34mCLI [mTarget: node18[K
@chronoforge/db:build: [34mCLI [mCleaning output folder[K
@chronoforge/lock:build: [34mCLI [mTarget: node18[K
@chronoforge/lock:build: [34mCLI [mCleaning output folder[K
@chronoforge/core:test:  RUN [m [36mv3.2.4 [90mD:/development/choronoforge/packages/core[m]0;node (vitest 1)]0;node (vitest 4)]0;node (vitest 5)]0;node (vitest 2)]0;node (vitest 7)]0;node (vitest 6)[?2026h[33m[1m[6;1H Γ¥» [mtest/index.test.ts[2m [queued][8;1H Test Files [32m[22m[1m0 passed[90m[22m (2)[m[2m
@chronoforge/core:test:       Tests [32m[22m[1m0 passed[90m[22m (0)[m[2m
@chronoforge/db:build: [34mCJS [mBuild start
@chronoforge/db:build: [34mESM [mBuild start[K
@chronoforge/lock:build: [34mCJS [mBuild start[K
@chronoforge/lock:build: [34mESM [mBuild start[K
@chronoforge/core:test:    Start at [22m01:18:24[2m
@chronoforge/core:test:    Duration [22m306ms[?2026l
@chronoforge/db:build: [32mCJS [m[1mdist\index.js [32m[22m4.09 KB
@chronoforge/db:build: [m
@chronoforge/db:build: [32mCJS [mΓÜí∩╕Å Build success in 59ms
@chronoforge/lock:build: [32mCJS [m[1mdist\index.js [32m[22m7.49 KB
@chronoforge/lock:build: [m
@chronoforge/lock:build: [32mCJS [mΓÜí∩╕Å Build success in 93ms
@chronoforge/core:test: [116C[?2026h[4;1H [32mΓ£ô [mtest/errors.test.ts [2m(3 tests)[32m[22m 9[2mms[m[K
@chronoforge/core:test: [K[33m[1m
@chronoforge/db:build: [32mESM [m[1mdist\index.mjs [32m[22m3.90 KB[K
@chronoforge/db:build: [m
@chronoforge/db:build: [32mESM [mΓÜí∩╕Å Build success in 60ms[K
@chronoforge/lock:build: [32mESM [m[1mdist\index.mjs [32m[22m7.20 KB[K
@chronoforge/lock:build: [m
@chronoforge/lock:build: [32mESM [mΓÜí∩╕Å Build success in 94ms[K
@chronoforge/core:test:  Γ¥» [mtest/index.test.ts[2m 0/10[22m[K
@chronoforge/core:test: [K[2m
@chronoforge/db:build: [?9001l[?1004l
@chronoforge/lock:build: [?9001l[?1004l
@chronoforge/core:test:  Test Files [32m[22m[1m1 passed[90m[22m (2)[K[m[2m
@chronoforge/core:test:       Tests [32m[22m[1m3 passed[90m[22m (13)[K[m[2m
@chronoforge/core:test:    Start at [22m01:18:24[K[2m
@chronoforge/core:test:    Duration [22m511ms[K[99C[?2026l
@chronoforge/core:test: [116C
@chronoforge/core:test: [K[116C[4;1H [32mΓ£ô [mtest/index.test.ts [2m(10 tests)[32m[22m 5[2mms[m[K
@chronoforge/core:test: [K
@chronoforge/core:test: [K
@chronoforge/core:test: [K
@chronoforge/core:test: [K
@chronoforge/core:test: [K
@chronoforge/core:test: [K[116C[2m[6;1H Test Files [22m [32m[1m2 passed[90m[22m (2)[m[2m
@chronoforge/core:test:       Tests [22m [32m[1m13 passed[90m[22m (13)[m[2m
@chronoforge/core:test:    Start at [22m 01:18:24[2m
@chronoforge/core:test:    Duration [22m 659ms[2m (transform 121ms, setup 0ms, collect 219ms, tests 14ms, environment 1ms, prepare 278ms)[11;1H[?25h[22m]0;node (vitest 2)]0;node (vitest 1)[?9001l[?1004l
@chronoforge/scheduler:build: cache hit, replaying logs f8f27fa579918aab
@chronoforge/lock:test: cache hit, replaying logs 6d2010e3dc260e50
@chronoforge/scheduler:build: [6n[?9001h[?1004h[m]0;C:\Users\Rohit\.bun\bin\bun.exe[?25h[35m[2m$[m [1m[2mtsup && tsc --emitDeclarationOnly --outDir dist
@chronoforge/lock:test: [6n[?9001h[?1004h[m]0;C:\Users\Rohit\.bun\bin\bun.exe[?25h[35m[2m$[m [1m[2mvitest run --passWithNoTests
@chronoforge/lock:test: [22m]0;node (vitest)[?25l[46m[1m
@chronoforge/scheduler:build: [22m[34mCLI [mBuilding entry: {"index":"src/index.ts"}
@chronoforge/scheduler:build: [34mCLI [mUsing tsconfig: tsconfig.json[34m
@chronoforge/lock:test:  RUN [m [36mv3.2.4 [90mD:/development/choronoforge/packages/lock[m[6;1HNo test files found, exiting with code 0[2m[8;1Hinclude: [33m[22mtest/**/*.test.ts[m
@chronoforge/lock:test: [2mexclude:  [33m[22m**/node_modules/**[2m, [22m**/dist/**[2m,[m
@chronoforge/scheduler:build: CLI [mtsup v8.5.1[34m
@chronoforge/lock:test: [33m[2m[7;41H, [22m**/cypress/**[2m, [22m**/.{idea,git,cache,outpu[m
@chronoforge/scheduler:build: CLI [mUsing tsup config: D:\development\choronoforge\packages\scheduler\tsup.config.
@chronoforge/lock:test: [33m[7;41Hut,temp}/**[2m, [22m**/{karma,rollup,webpack,vite[m
@chronoforge/scheduler:build: [7;41H.ts
@chronoforge/lock:test: [33m[7;41He,vitest,jest,ava,babel,nyc,cypress,tsup,b[m
@chronoforge/scheduler:build: [34mCLI [mTarget: node18[K
@chronoforge/lock:test: [33m[7;41Hbuild,eslint,prettier}.config.*[11C[m
@chronoforge/scheduler:build: [34mCLI [mCleaning output folder
@chronoforge/lock:test: [41C
@chronoforge/scheduler:build: [34mCJS [mBuild start[K
@chronoforge/lock:test: [?25h[?9001l[?1004l
@chronoforge/scheduler:build: [34mESM [mBuild start[K
@chronoforge/scheduler:build: [32mCJS [m[1mdist\index.js [32m[22m5.00 KB
@chronoforge/scheduler:build: [m
@chronoforge/scheduler:build: [32mCJS [mΓÜí∩╕Å Build success in 88ms
@chronoforge/scheduler:build: [32mESM [m[1mdist\index.mjs [32m[22m4.43 KB[K
@chronoforge/scheduler:build: [m
@chronoforge/scheduler:build: [32mESM [mΓÜí∩╕Å Build success in 88ms[K
@chronoforge/scheduler:build: [?9001l[?1004l
@chronoforge/db:test: cache hit, replaying logs 4e79cef5c97b0709
@chronoforge/db:test: [6n[?9001h[?1004h[m]0;C:\Users\Rohit\.bun\bin\bun.exe[?25h[35m[2m$[m [1m[2mvitest run --passWithNoTests
@chronoforge/db:test: [22m]0;node (vitest)[?25l[46m[1m
@chronoforge/db:test:  RUN [m [36mv3.2.4 [90mD:/development/choronoforge/packages/db[m[6;1HNo test files found, exiting with code 0[2m[8;1Hinclude: [33m[22mtest/**/*.test.ts[m
@chronoforge/db:test: [2mexclude:  [33m[22m**/node_modules/**[2m, [22m**/dist/**[2m,[m
@chronoforge/db:test: [33m[2m[7;41H, [22m**/cypress/**[2m, [22m**/.{idea,git,cache,outpu[m
@chronoforge/db:test: [33m[7;41Hut,temp}/**[2m, [22m**/{karma,rollup,webpack,vite[m
@chronoforge/db:test: [33m[7;41He,vitest,jest,ava,babel,nyc,cypress,tsup,b[m
@chronoforge/db:test: [33m[7;41Hbuild,eslint,prettier}.config.*[11C[m
@chronoforge/db:test: [41C
@chronoforge/db:test: [?25h[?9001l[?1004l
chronoforge:build: cache hit, replaying logs 57daa7689119c48a
chronoforge:build: [6n[?9001h[?1004h[m]0;C:\Users\Rohit\.bun\bin\bun.exe[?25h[35m[2m$[m [1m[2mtsup && tsc --emitDeclarationOnly --outDir dist
chronoforge:build: [22m[34mCLI [mBuilding entry: {"index":"src/index.ts"}
chronoforge:build: [34mCLI [mUsing tsconfig: tsconfig.json[34m
chronoforge:build: CLI [mBuilding entry: {"cron":"src/cron.ts"}[34m
chronoforge:build: CLI [mUsing tsconfig: tsconfig.json
@chronoforge/scheduler:test: cache hit, replaying logs 34c8439507484771
chronoforge:build: [34mCLI [mtsup v8.5.1[K
chronoforge:build: [34mCLI [mUsing tsup config: D:\development\cho
chronoforge:build: [7;41Horonoforge\packages\chronoforge\tsup.confi
chronoforge:build: [7;41Hig.ts
chronoforge:build: [34mCLI [mtsup v8.5.1[K
chronoforge:build: [34mCLI [mUsing tsup config: D:\development\cho
chronoforge:build: [7;41Horonoforge\packages\chronoforge\tsup.confi
chronoforge:build: [7;41Hig.ts
chronoforge:build: [34mCLI [mTarget: node18[K
chronoforge:build: [34mCLI [mTarget: node18[K
chronoforge:build: [34mCJS [mBuild start
chronoforge:build: [34mESM [mBuild start[K
chronoforge:build: [34mCLI [mCleaning output folder[K
chronoforge:build: [34mCJS [mBuild start[K
@chronoforge/scheduler:test: [6n[?9001h[?1004h[m]0;C:\Users\Rohit\.bun\bin\bun.exe[?25h[35m[2m$[m [1m[2mvitest run
chronoforge:build: [34mESM [mBuild start[K
@chronoforge/scheduler:test: [22m]0;node (vitest)[?25l[46m[1m
chronoforge:build: [32mCJS [m[1mdist\cron.js [32m[22m180.00 B
chronoforge:build: [m
@chronoforge/scheduler:test:  RUN [m [36mv3.2.4 [90mD:/development/choronoforge/packages/scheduler[m]0;node (vitest 2)]0;node (vitest 5)]0;node (vitest 3)]0;node (vitest 4)]0;node (vitest 7)[?2026h[33m[1m[7;1H Γ¥» [mtest/define-cron.test.ts[2m [queued][22m
chronoforge:build: [32mCJS [mΓÜí∩╕Å Build success in 41ms
@chronoforge/scheduler:test: 
chronoforge:build: [32mESM [m[1mdist\cron.mjs [32m[22m47.00 B
chronoforge:build: [m
@chronoforge/scheduler:test: [2m Test Files [32m[22m[1m0 passed[90m[22m (1)[K[17C[m
chronoforge:build: [32mESM [mΓÜí∩╕Å Build success in 119ms
@chronoforge/scheduler:test: [2m      Tests [32m[22m[1m0 passed[90m[22m (0)[K[17C[m
chronoforge:build: [32mESM [m[1mdist\index.mjs [32m[22m3.23 KB[K
chronoforge:build: [m
@chronoforge/scheduler:test: [2m   Start at [22m01:22:17[K[21C
chronoforge:build: [32mESM [mΓÜí∩╕Å Build success in 122ms[K
@chronoforge/scheduler:test: [2m   Duration [22m323ms[K[24C[?2026l
chronoforge:build: [32mCJS [m[1mdist\index.js [32m[22m3.43 KB[K
chronoforge:build: [m
@chronoforge/scheduler:test: [41C
@chronoforge/scheduler:test: [K[41C[H [32mΓ£ô [mtest/define-cron.test.ts [2m(3 tests)[32m[22m 22[2mms[m[K
chronoforge:build: [32mCJS [mΓÜí∩╕Å Build success in 126ms[K
@chronoforge/scheduler:test:    [32mΓ£ô [mcron() factory[2m > [22mcreates a valid CronDefinition with defaults [32m19[2mms[m[K
chronoforge:build: [?9001l[?1004l
@chronoforge/scheduler:test:    [32mΓ£ô [mcron() factory[2m > [22mthrows for an invalid cron expression [32m1[2mms[m[K
@chronoforge/scheduler:test:    [32mΓ£ô [mcron() factory[2m > [22mrespects custom options [32m1[2mms[m
@chronoforge/scheduler:test: [41C
@chronoforge/scheduler:test: [2m Test Files [22m [32m[1m1 passed[90m[22m (1)[K[16C[m
@chronoforge/scheduler:test: [2m      Tests [22m [32m[1m3 passed[90m[22m (3)[K[16C[m
@chronoforge/scheduler:test: [2m   Start at [22m 01:22:17[K[20C
@chronoforge/scheduler:test: [2m   Duration [22m 512ms[2m (transform 36ms, setup[22m
@chronoforge/scheduler:test: [2m[7;41Hp 0ms, collect 54ms, tests 22ms, environme[22m
@chronoforge/scheduler:test: [2m[7;41Hent 0ms, prepare 111ms)[22m[K[19C
@chronoforge/scheduler:test: [41C
@chronoforge/scheduler:test: [?25h]0;node (vitest 1)[?9001l[?1004l
chronoforge:test: cache miss, executing dfe0d70cf48a0e3d
chronoforge:test: $ vitest run
chronoforge:test: 
chronoforge:test: [1m[46m RUN [49m[22m [36mv3.2.4 [39m[90mD:/development/choronoforge/packages/chronoforge[39m
chronoforge:test: 
chronoforge:test: [31mNo test files found, exiting with code 1
chronoforge:test: [39m
chronoforge:test: [2minclude: [22m[33mtest/**/*.test.ts[39m
chronoforge:test: [2mexclude:  [22m[33m**/node_modules/**[2m, [22m**/dist/**[2m, [22m**/cypress/**[2m, [22m**/.{idea,git,cache,output,temp}/**[2m, [22m**/{karma,rollup,webpack,vite,vitest,jest,ava,babel,nyc,cypress,tsup,build,eslint,prettier}.config.*[39m
chronoforge:test: 
chronoforge:test: error: script "test" exited with code 1
 ERROR  chronoforge#test: command 
(D:\development\choronoforge\packages\chronoforge) 
C:\Users\Rohit\.bun\bin\bun.exe run test exited (1)

 Tasks:    9 successful, 10 total
Cached:    9 cached, 10 total
  Time:    651ms 
Failed:    chronoforge#test

 ERROR  run failed: command  exited (1)
